node:internal/process/promises:394
    triggerUncaughtException(err, true /* fromPromise */);
    ^

Error: You have an error in your SQL syntax; check the manual that corresponds to your MariaDB server version for the right syntax to use near '?
         WHERE m.channel_id = c.id AND m.id > COALESCE(mm.last_read_id, 0))...' at line 3
    at <anonymous> (C:\Users\K\Desktop\mspi-tools\backend\src\messenger\routes.ts:37:40)
    at Layer.handle [as handle_request] (C:\Users\K\Desktop\mspi-tools\backend\node_modules\express\lib\router\layer.js:95:5)
    at next (C:\Users\K\Desktop\mspi-tools\backend\node_modules\express\lib\router\route.js:149:13)
    at Route.dispatch (C:\Users\K\Desktop\mspi-tools\backend\node_modules\express\lib\router\route.js:119:3)
    at Layer.handle [as handle_request] (C:\Users\K\Desktop\mspi-tools\backend\node_modules\express\lib\router\layer.js:95:5)
    at C:\Users\K\Desktop\mspi-tools\backend\node_modules\express\lib\router\index.js:284:15
    at Function.process_params (C:\Users\K\Desktop\mspi-tools\backend\node_modules\express\lib\router\index.js:346:12)
    at next (C:\Users\K\Desktop\mspi-tools\backend\node_modules\express\lib\router\index.js:280:10)
    at readyDb (C:\Users\K\Desktop\mspi-tools\backend\src\messenger\routes.ts:19:5)
    at process.processTicksAndRejections (node:internal/process/task_queues:105:5) {
  code: 'ER_PARSE_ERROR',
  errno: 1064,
  sqlState: '42000',
  sqlMessage: "You have an error in your SQL syntax; check the manual that corresponds to your MariaDB server version for the right syntax to use near '?\n" +
    "         WHERE m.channel_id = c.id AND m.id > COALESCE(mm.last_read_id, 0))...' at line 3",
  sql: 'SELECT c.id, c.name, c.topic, c.kind,\n' +
    '       (SELECT COUNT(*) FROM messenger_messages m\n' +
    '         LEFT JOIN messenger_members mm ON mm.channel_id = m.channel_id AND mm.user_id = ?\n' +
    '         WHERE m.channel_id = c.id AND m.id > COALESCE(mm.last_read_id, 0)) AS unread\n' +
    '     FROM messenger_channels c ORDER BY c.name'
}

Node.js v22.12.0
node:events:502
      throw er; // Unhandled 'error' event
      ^

Error: listen EADDRINUSE: address already in use :::3001
    at Server.setupListenHandle [as _listen2] (node:net:1912:16)
    at listenInCluster (node:net:1969:12)
    at Server.listen (node:net:2074:7)
    at start (C:\Users\K\Desktop\mspi-tools\backend\src\index.ts:185:10)
    at <anonymous> (C:\Users\K\Desktop\mspi-tools\backend\src\index.ts:232:6)
    at ModuleJob.run (node:internal/modules/esm/module_job:271:25)
    at async onImport.tracePromise.__proto__ (node:internal/modules/esm/loader:547:26)
    at async asyncRunEntryPointWithESMLoader (node:internal/modules/run_main:116:5)
Emitted 'error' event on Server instance at:
    at emitErrorNT (node:net:1948:8)
    at process.processTicksAndRejections (node:internal/process/task_queues:90:21) {
  code: 'EADDRINUSE',
  errno: -4091,
  syscall: 'listen',
  address: '::',
  port: 3001
}

Node.js v22.12.0
node:events:502
      throw er; // Unhandled 'error' event
      ^

Error: listen EADDRINUSE: address already in use :::3001
    at Server.setupListenHandle [as _listen2] (node:net:1912:16)
    at listenInCluster (node:net:1969:12)
    at Server.listen (node:net:2074:7)
    at start (C:\Users\K\Desktop\mspi-tools\backend\src\index.ts:185:10)
    at <anonymous> (C:\Users\K\Desktop\mspi-tools\backend\src\index.ts:232:6)
    at ModuleJob.run (node:internal/modules/esm/module_job:271:25)
    at async onImport.tracePromise.__proto__ (node:internal/modules/esm/loader:547:26)
    at async asyncRunEntryPointWithESMLoader (node:internal/modules/run_main:116:5)
Emitted 'error' event on Server instance at:
    at emitErrorNT (node:net:1948:8)
    at process.processTicksAndRejections (node:internal/process/task_queues:90:21) {
  code: 'EADDRINUSE',
  errno: -4091,
  syscall: 'listen',
  address: '::',
  port: 3001
}

Node.js v22.12.0
Messenger channels error: Error: You have an error in your SQL syntax; check the manual that corresponds to your MariaDB server version for the right syntax to use near '?
          WHERE m.channel_id = c.id AND m.id > COALESCE(mm.last_read_id, 0)...' at line 3
    at <anonymous> (C:\Users\K\Desktop\mspi-tools\backend\src\messenger\routes.ts:38:42)
    at Layer.handle [as handle_request] (C:\Users\K\Desktop\mspi-tools\backend\node_modules\express\lib\router\layer.js:95:5)
    at next (C:\Users\K\Desktop\mspi-tools\backend\node_modules\express\lib\router\route.js:149:13)
    at Route.dispatch (C:\Users\K\Desktop\mspi-tools\backend\node_modules\express\lib\router\route.js:119:3)
    at Layer.handle [as handle_request] (C:\Users\K\Desktop\mspi-tools\backend\node_modules\express\lib\router\layer.js:95:5)
    at C:\Users\K\Desktop\mspi-tools\backend\node_modules\express\lib\router\index.js:284:15
    at Function.process_params (C:\Users\K\Desktop\mspi-tools\backend\node_modules\express\lib\router\index.js:346:12)
    at next (C:\Users\K\Desktop\mspi-tools\backend\node_modules\express\lib\router\index.js:280:10)
    at readyDb (C:\Users\K\Desktop\mspi-tools\backend\src\messenger\routes.ts:19:5)
    at process.processTicksAndRejections (node:internal/process/task_queues:105:5) {
  code: 'ER_PARSE_ERROR',
  errno: 1064,
  sqlState: '42000',
  sqlMessage: "You have an error in your SQL syntax; check the manual that corresponds to your MariaDB server version for the right syntax to use near '?\n" +
    "          WHERE m.channel_id = c.id AND m.id > COALESCE(mm.last_read_id, 0)...' at line 3",
  sql: 'SELECT c.id, c.name, c.topic, c.kind,\n' +
    '        (SELECT COUNT(*) FROM messenger_messages m\n' +
    '          LEFT JOIN messenger_members mm ON mm.channel_id = m.channel_id AND mm.user_id = ?\n' +
    '          WHERE m.channel_id = c.id AND m.id > COALESCE(mm.last_read_id, 0)) AS unread\n' +
    '      FROM messenger_channels c ORDER BY c.name'
}
Messenger channels error: Error: You have an error in your SQL syntax; check the manual that corresponds to your MariaDB server version for the right syntax to use near '?
          WHERE m.channel_id = c.id AND m.id > COALESCE(mm.last_read_id, 0)...' at line 3
    at <anonymous> (C:\Users\K\Desktop\mspi-tools\backend\src\messenger\routes.ts:38:42)
    at Layer.handle [as handle_request] (C:\Users\K\Desktop\mspi-tools\backend\node_modules\express\lib\router\layer.js:95:5)
    at next (C:\Users\K\Desktop\mspi-tools\backend\node_modules\express\lib\router\route.js:149:13)
    at Route.dispatch (C:\Users\K\Desktop\mspi-tools\backend\node_modules\express\lib\router\route.js:119:3)
    at Layer.handle [as handle_request] (C:\Users\K\Desktop\mspi-tools\backend\node_modules\express\lib\router\layer.js:95:5)
    at C:\Users\K\Desktop\mspi-tools\backend\node_modules\express\lib\router\index.js:284:15
    at Function.process_params (C:\Users\K\Desktop\mspi-tools\backend\node_modules\express\lib\router\index.js:346:12)
    at next (C:\Users\K\Desktop\mspi-tools\backend\node_modules\express\lib\router\index.js:280:10)
    at readyDb (C:\Users\K\Desktop\mspi-tools\backend\src\messenger\routes.ts:19:5)
    at Layer.handle [as handle_request] (C:\Users\K\Desktop\mspi-tools\backend\node_modules\express\lib\router\layer.js:95:5)
    at trim_prefix (C:\Users\K\Desktop\mspi-tools\backend\node_modules\express\lib\router\index.js:328:13)
    at C:\Users\K\Desktop\mspi-tools\backend\node_modules\express\lib\router\index.js:286:9
    at Function.process_params (C:\Users\K\Desktop\mspi-tools\backend\node_modules\express\lib\router\index.js:346:12)
    at next (C:\Users\K\Desktop\mspi-tools\backend\node_modules\express\lib\router\index.js:280:10)
    at Function.handle (C:\Users\K\Desktop\mspi-tools\backend\node_modules\express\lib\router\index.js:175:3)
    at router (C:\Users\K\Desktop\mspi-tools\backend\node_modules\express\lib\router\index.js:47:12) {
  code: 'ER_PARSE_ERROR',
  errno: 1064,
  sqlState: '42000',
  sqlMessage: "You have an error in your SQL syntax; check the manual that corresponds to your MariaDB server version for the right syntax to use near '?\n" +
    "          WHERE m.channel_id = c.id AND m.id > COALESCE(mm.last_read_id, 0)...' at line 3",
  sql: 'SELECT c.id, c.name, c.topic, c.kind,\n' +
    '        (SELECT COUNT(*) FROM messenger_messages m\n' +
    '          LEFT JOIN messenger_members mm ON mm.channel_id = m.channel_id AND mm.user_id = ?\n' +
    '          WHERE m.channel_id = c.id AND m.id > COALESCE(mm.last_read_id, 0)) AS unread\n' +
    '      FROM messenger_channels c ORDER BY c.name'
}
Messenger channels error: Error: You have an error in your SQL syntax; check the manual that corresponds to your MariaDB server version for the right syntax to use near '?
          WHERE m.channel_id = c.id AND m.id > COALESCE(mm.last_read_id, 0)...' at line 3
    at <anonymous> (C:\Users\K\Desktop\mspi-tools\backend\src\messenger\routes.ts:38:42)
    at Layer.handle [as handle_request] (C:\Users\K\Desktop\mspi-tools\backend\node_modules\express\lib\router\layer.js:95:5)
    at next (C:\Users\K\Desktop\mspi-tools\backend\node_modules\express\lib\router\route.js:149:13)
    at Route.dispatch (C:\Users\K\Desktop\mspi-tools\backend\node_modules\express\lib\router\route.js:119:3)
    at Layer.handle [as handle_request] (C:\Users\K\Desktop\mspi-tools\backend\node_modules\express\lib\router\layer.js:95:5)
    at C:\Users\K\Desktop\mspi-tools\backend\node_modules\express\lib\router\index.js:284:15
    at Function.process_params (C:\Users\K\Desktop\mspi-tools\backend\node_modules\express\lib\router\index.js:346:12)
    at next (C:\Users\K\Desktop\mspi-tools\backend\node_modules\express\lib\router\index.js:280:10)
    at readyDb (C:\Users\K\Desktop\mspi-tools\backend\src\messenger\routes.ts:19:5)
    at Layer.handle [as handle_request] (C:\Users\K\Desktop\mspi-tools\backend\node_modules\express\lib\router\layer.js:95:5)
    at trim_prefix (C:\Users\K\Desktop\mspi-tools\backend\node_modules\express\lib\router\index.js:328:13)
    at C:\Users\K\Desktop\mspi-tools\backend\node_modules\express\lib\router\index.js:286:9
    at Function.process_params (C:\Users\K\Desktop\mspi-tools\backend\node_modules\express\lib\router\index.js:346:12)
    at next (C:\Users\K\Desktop\mspi-tools\backend\node_modules\express\lib\router\index.js:280:10)
    at Function.handle (C:\Users\K\Desktop\mspi-tools\backend\node_modules\express\lib\router\index.js:175:3)
    at router (C:\Users\K\Desktop\mspi-tools\backend\node_modules\express\lib\router\index.js:47:12) {
  code: 'ER_PARSE_ERROR',
  errno: 1064,
  sqlState: '42000',
  sqlMessage: "You have an error in your SQL syntax; check the manual that corresponds to your MariaDB server version for the right syntax to use near '?\n" +
    "          WHERE m.channel_id = c.id AND m.id > COALESCE(mm.last_read_id, 0)...' at line 3",
  sql: 'SELECT c.id, c.name, c.topic, c.kind,\n' +
    '        (SELECT COUNT(*) FROM messenger_messages m\n' +
    '          LEFT JOIN messenger_members mm ON mm.channel_id = m.channel_id AND mm.user_id = ?\n' +
    '          WHERE m.channel_id = c.id AND m.id > COALESCE(mm.last_read_id, 0)) AS unread\n' +
    '      FROM messenger_channels c ORDER BY c.name'
}
Messenger channels error: Error: You have an error in your SQL syntax; check the manual that corresponds to your MariaDB server version for the right syntax to use near '?
          WHERE m.channel_id = c.id AND m.id > COALESCE(mm.last_read_id, 0)...' at line 3
    at <anonymous> (C:\Users\K\Desktop\mspi-tools\backend\src\messenger\routes.ts:38:42)
    at Layer.handle [as handle_request] (C:\Users\K\Desktop\mspi-tools\backend\node_modules\express\lib\router\layer.js:95:5)
    at next (C:\Users\K\Desktop\mspi-tools\backend\node_modules\express\lib\router\route.js:149:13)
    at Route.dispatch (C:\Users\K\Desktop\mspi-tools\backend\node_modules\express\lib\router\route.js:119:3)
    at Layer.handle [as handle_request] (C:\Users\K\Desktop\mspi-tools\backend\node_modules\express\lib\router\layer.js:95:5)
    at C:\Users\K\Desktop\mspi-tools\backend\node_modules\express\lib\router\index.js:284:15
    at Function.process_params (C:\Users\K\Desktop\mspi-tools\backend\node_modules\express\lib\router\index.js:346:12)
    at next (C:\Users\K\Desktop\mspi-tools\backend\node_modules\express\lib\router\index.js:280:10)
    at readyDb (C:\Users\K\Desktop\mspi-tools\backend\src\messenger\routes.ts:19:5)
    at Layer.handle [as handle_request] (C:\Users\K\Desktop\mspi-tools\backend\node_modules\express\lib\router\layer.js:95:5)
    at trim_prefix (C:\Users\K\Desktop\mspi-tools\backend\node_modules\express\lib\router\index.js:328:13)
    at C:\Users\K\Desktop\mspi-tools\backend\node_modules\express\lib\router\index.js:286:9
    at Function.process_params (C:\Users\K\Desktop\mspi-tools\backend\node_modules\express\lib\router\index.js:346:12)
    at next (C:\Users\K\Desktop\mspi-tools\backend\node_modules\express\lib\router\index.js:280:10)
    at Function.handle (C:\Users\K\Desktop\mspi-tools\backend\node_modules\express\lib\router\index.js:175:3)
    at router (C:\Users\K\Desktop\mspi-tools\backend\node_modules\express\lib\router\index.js:47:12) {
  code: 'ER_PARSE_ERROR',
  errno: 1064,
  sqlState: '42000',
  sqlMessage: "You have an error in your SQL syntax; check the manual that corresponds to your MariaDB server version for the right syntax to use near '?\n" +
    "          WHERE m.channel_id = c.id AND m.id > COALESCE(mm.last_read_id, 0)...' at line 3",
  sql: 'SELECT c.id, c.name, c.topic, c.kind,\n' +
    '        (SELECT COUNT(*) FROM messenger_messages m\n' +
    '          LEFT JOIN messenger_members mm ON mm.channel_id = m.channel_id AND mm.user_id = ?\n' +
    '          WHERE m.channel_id = c.id AND m.id > COALESCE(mm.last_read_id, 0)) AS unread\n' +
    '      FROM messenger_channels c ORDER BY c.name'
}

node:internal/modules/run_main:122
    triggerUncaughtException(
    ^
Error [TransformError]: Transform failed with 1 error:
C:\Users\K\Desktop\mspi-tools\backend\src\messenger\routes.ts:134:0: ERROR: Unexpected "}"
    at failureErrorWithLog (C:\Users\K\Desktop\mspi-tools\backend\node_modules\tsx\node_modules\esbuild\lib\main.js:1748:15)
    at C:\Users\K\Desktop\mspi-tools\backend\node_modules\tsx\node_modules\esbuild\lib\main.js:1017:50
    at responseCallbacks.<computed> (C:\Users\K\Desktop\mspi-tools\backend\node_modules\tsx\node_modules\esbuild\lib\main.js:884:9)
    at handleIncomingPacket (C:\Users\K\Desktop\mspi-tools\backend\node_modules\tsx\node_modules\esbuild\lib\main.js:939:12)
    at Socket.readFromStdout (C:\Users\K\Desktop\mspi-tools\backend\node_modules\tsx\node_modules\esbuild\lib\main.js:862:7)
    at Socket.emit (node:events:524:28)
    at addChunk (node:internal/streams/readable:561:12)
    at readableAddChunkPushByteMode (node:internal/streams/readable:512:3)
    at Readable.push (node:internal/streams/readable:392:5)
    at Pipe.onStreamRead (node:internal/stream_base_commons:189:23)

Node.js v22.12.0

node:internal/modules/run_main:122
    triggerUncaughtException(
    ^
Error [TransformError]: Transform failed with 1 error:
C:\Users\K\Desktop\mspi-tools\backend\src\messenger\routes.ts:134:0: ERROR: Unexpected "}"
    at failureErrorWithLog (C:\Users\K\Desktop\mspi-tools\backend\node_modules\tsx\node_modules\esbuild\lib\main.js:1748:15)
    at C:\Users\K\Desktop\mspi-tools\backend\node_modules\tsx\node_modules\esbuild\lib\main.js:1017:50
    at responseCallbacks.<computed> (C:\Users\K\Desktop\mspi-tools\backend\node_modules\tsx\node_modules\esbuild\lib\main.js:884:9)
    at handleIncomingPacket (C:\Users\K\Desktop\mspi-tools\backend\node_modules\tsx\node_modules\esbuild\lib\main.js:939:12)
    at Socket.readFromStdout (C:\Users\K\Desktop\mspi-tools\backend\node_modules\tsx\node_modules\esbuild\lib\main.js:862:7)
    at Socket.emit (node:events:524:28)
    at addChunk (node:internal/streams/readable:561:12)
    at readableAddChunkPushByteMode (node:internal/streams/readable:512:3)
    at Readable.push (node:internal/streams/readable:392:5)
    at Pipe.onStreamRead (node:internal/stream_base_commons:189:23)

Node.js v22.12.0

node:internal/modules/run_main:122
    triggerUncaughtException(
    ^
Error [TransformError]: Transform failed with 1 error:
C:\Users\K\Desktop\mspi-tools\backend\src\messenger\routes.ts:134:0: ERROR: Unexpected "}"
    at failureErrorWithLog (C:\Users\K\Desktop\mspi-tools\backend\node_modules\tsx\node_modules\esbuild\lib\main.js:1748:15)
    at C:\Users\K\Desktop\mspi-tools\backend\node_modules\tsx\node_modules\esbuild\lib\main.js:1017:50
    at responseCallbacks.<computed> (C:\Users\K\Desktop\mspi-tools\backend\node_modules\tsx\node_modules\esbuild\lib\main.js:884:9)
    at handleIncomingPacket (C:\Users\K\Desktop\mspi-tools\backend\node_modules\tsx\node_modules\esbuild\lib\main.js:939:12)
    at Socket.readFromStdout (C:\Users\K\Desktop\mspi-tools\backend\node_modules\tsx\node_modules\esbuild\lib\main.js:862:7)
    at Socket.emit (node:events:524:28)
    at addChunk (node:internal/streams/readable:561:12)
    at readableAddChunkPushByteMode (node:internal/streams/readable:512:3)
    at Readable.push (node:internal/streams/readable:392:5)
    at Pipe.onStreamRead (node:internal/stream_base_commons:189:23)

Node.js v22.12.0

node:internal/modules/run_main:122
    triggerUncaughtException(
    ^
Error [TransformError]: Transform failed with 1 error:
C:\Users\K\Desktop\mspi-tools\backend\src\messenger\routes.ts:134:0: ERROR: Unexpected "}"
    at failureErrorWithLog (C:\Users\K\Desktop\mspi-tools\backend\node_modules\tsx\node_modules\esbuild\lib\main.js:1748:15)
    at C:\Users\K\Desktop\mspi-tools\backend\node_modules\tsx\node_modules\esbuild\lib\main.js:1017:50
    at responseCallbacks.<computed> (C:\Users\K\Desktop\mspi-tools\backend\node_modules\tsx\node_modules\esbuild\lib\main.js:884:9)
    at handleIncomingPacket (C:\Users\K\Desktop\mspi-tools\backend\node_modules\tsx\node_modules\esbuild\lib\main.js:939:12)
    at Socket.readFromStdout (C:\Users\K\Desktop\mspi-tools\backend\node_modules\tsx\node_modules\esbuild\lib\main.js:862:7)
    at Socket.emit (node:events:524:28)
    at addChunk (node:internal/streams/readable:561:12)
    at readableAddChunkPushByteMode (node:internal/streams/readable:512:3)
    at Readable.push (node:internal/streams/readable:392:5)
    at Pipe.onStreamRead (node:internal/stream_base_commons:189:23)

Node.js v22.12.0
Token verification unavailable: Error: Database unavailable
    at getDb (C:\Users\K\Desktop\mspi-tools\backend\src\db\index.ts:32:11)
    at verifyAccessToken (C:\Users\K\Desktop\mspi-tools\backend\src\auth.ts:61:24)
    at authenticateToken (C:\Users\K\Desktop\mspi-tools\backend\src\auth.ts:38:21)
    at Layer.handle [as handle_request] (C:\Users\K\Desktop\mspi-tools\backend\node_modules\express\lib\router\layer.js:95:5)
    at next (C:\Users\K\Desktop\mspi-tools\backend\node_modules\express\lib\router\route.js:149:13)
    at Route.dispatch (C:\Users\K\Desktop\mspi-tools\backend\node_modules\express\lib\router\route.js:119:3)
    at Layer.handle [as handle_request] (C:\Users\K\Desktop\mspi-tools\backend\node_modules\express\lib\router\layer.js:95:5)
    at C:\Users\K\Desktop\mspi-tools\backend\node_modules\express\lib\router\index.js:284:15
    at Function.process_params (C:\Users\K\Desktop\mspi-tools\backend\node_modules\express\lib\router\index.js:346:12)
    at next (C:\Users\K\Desktop\mspi-tools\backend\node_modules\express\lib\router\index.js:280:10)
    at Function.handle (C:\Users\K\Desktop\mspi-tools\backend\node_modules\express\lib\router\index.js:175:3)
    at router (C:\Users\K\Desktop\mspi-tools\backend\node_modules\express\lib\router\index.js:47:12)
    at Layer.handle [as handle_request] (C:\Users\K\Desktop\mspi-tools\backend\node_modules\express\lib\router\layer.js:95:5)
    at trim_prefix (C:\Users\K\Desktop\mspi-tools\backend\node_modules\express\lib\router\index.js:328:13)
    at C:\Users\K\Desktop\mspi-tools\backend\node_modules\express\lib\router\index.js:286:9
    at Function.process_params (C:\Users\K\Desktop\mspi-tools\backend\node_modules\express\lib\router\index.js:346:12)
Token verification unavailable: DrizzleQueryError: Failed query: select `users`.`email`, `users`.`role_id`, `roles`.`name`, `users`.`is_super_admin`, `users`.`token_version` from `users` left join `roles` on `users`.`role_id` = `roles`.`id` where `users`.`id` = ? limit ?
params: 1,1
    at MySql2PreparedQuery.queryWithCache (C:\Users\K\Desktop\mspi-tools\backend\node_modules\src\mysql-core\session.ts:79:11)
    at process.processTicksAndRejections (node:internal/process/task_queues:105:5)
    at async MySql2PreparedQuery.execute (C:\Users\K\Desktop\mspi-tools\backend\node_modules\src\mysql2\session.ts:132:18)
    at async verifyAccessToken (C:\Users\K\Desktop\mspi-tools\backend\src\auth.ts:61:18)
    at async authenticateToken (C:\Users\K\Desktop\mspi-tools\backend\src\auth.ts:38:15) {
  query: 'select `users`.`email`, `users`.`role_id`, `roles`.`name`, `users`.`is_super_admin`, `users`.`token_version` from `users` left join `roles` on `users`.`role_id` = `roles`.`id` where `users`.`id` = ? limit ?',
  params: [ 1, 1 ],
  cause: Error: read ECONNRESET
      at <anonymous> (C:\Users\K\Desktop\mspi-tools\backend\node_modules\src\mysql2\session.ts:133:24)
      at MySql2PreparedQuery.queryWithCache (C:\Users\K\Desktop\mspi-tools\backend\node_modules\src\mysql-core\session.ts:77:18)
      at MySql2PreparedQuery.execute (C:\Users\K\Desktop\mspi-tools\backend\node_modules\src\mysql2\session.ts:132:29)
      at MySqlSelectBase.execute (C:\Users\K\Desktop\mspi-tools\backend\node_modules\src\mysql-core\query-builders\select.ts:1145:25)
      at MySqlSelectBase.then (C:\Users\K\Desktop\mspi-tools\backend\node_modules\src\query-promise.ts:31:15)
      at process.processTicksAndRejections (node:internal/process/task_queues:105:5) {
    errno: -4077,
    code: 'ECONNRESET',
    syscall: 'read',
    fatal: true
  }
}
Token verification unavailable: Error: Database unavailable
    at getDb (C:\Users\K\Desktop\mspi-tools\backend\src\db\index.ts:32:11)
    at verifyAccessToken (C:\Users\K\Desktop\mspi-tools\backend\src\auth.ts:61:24)
    at authenticateToken (C:\Users\K\Desktop\mspi-tools\backend\src\auth.ts:38:21)
    at Layer.handle [as handle_request] (C:\Users\K\Desktop\mspi-tools\backend\node_modules\express\lib\router\layer.js:95:5)
    at trim_prefix (C:\Users\K\Desktop\mspi-tools\backend\node_modules\express\lib\router\index.js:328:13)
    at C:\Users\K\Desktop\mspi-tools\backend\node_modules\express\lib\router\index.js:286:9
    at Function.process_params (C:\Users\K\Desktop\mspi-tools\backend\node_modules\express\lib\router\index.js:346:12)
    at next (C:\Users\K\Desktop\mspi-tools\backend\node_modules\express\lib\router\index.js:280:10)
    at C:\Users\K\Desktop\mspi-tools\backend\node_modules\express\lib\router\index.js:646:15
    at next (C:\Users\K\Desktop\mspi-tools\backend\node_modules\express\lib\router\index.js:265:14)
    at Function.handle (C:\Users\K\Desktop\mspi-tools\backend\node_modules\express\lib\router\index.js:175:3)
    at router (C:\Users\K\Desktop\mspi-tools\backend\node_modules\express\lib\router\index.js:47:12)
    at Layer.handle [as handle_request] (C:\Users\K\Desktop\mspi-tools\backend\node_modules\express\lib\router\layer.js:95:5)
    at trim_prefix (C:\Users\K\Desktop\mspi-tools\backend\node_modules\express\lib\router\index.js:328:13)
    at C:\Users\K\Desktop\mspi-tools\backend\node_modules\express\lib\router\index.js:286:9
    at Function.process_params (C:\Users\K\Desktop\mspi-tools\backend\node_modules\express\lib\router\index.js:346:12)
